+--------------------- Traceback (most recent call last) ---------------------+
| C:\Users\Salom                                                              |
| Zero_Two\AppData\Local\Programs\Python\Python312\Lib\site-packages\fastapi_ |
| cli\cli.py:119 in _run                                                      |
|                                                                             |
|   116     with get_rich_toolkit() as toolkit:                               |
|   117         server_type = "development" if command == "dev" else "product |
|   118                                                                       |
| > 119         toolkit.print_title(f"Starting {server_type} server \U0001f680", tag= |
|   120         toolkit.print_line()                                          |
|   121                                                                       |
|   122         toolkit.print(                                                |
|                                                                             |
| C:\Users\Salom                                                              |
| Zero_Two\AppData\Local\Programs\Python\Python312\Lib\site-packages\rich_too |
| lkit\toolkit.py:60 in print_title                                           |
|                                                                             |
|    57         return None                                                   |
|    58                                                                       |
|    59     def print_title(self, title: str, **metadata: Any) -> None:       |
| >  60         self.console.print(self.style.render_element(title, title=Tru |
|    61                                                                       |
|    62     def print(self, *renderables: RenderableType, **metadata: Any) -> |
|    63         self.console.print(                                           |
|                                                                             |
| C:\Users\Salom                                                              |
| Zero_Two\AppData\Local\Programs\Python\Python312\Lib\site-packages\rich\con |
| sole.py:1697 in print                                                       |
|                                                                             |
|   1694                 overflow = "ignore"                                  |
|   1695             crop = False                                             |
|   1696         render_hooks = self._render_hooks[:]                         |
| > 1697         with self:                                                   |
|   1698             renderables = self._collect_renderables(                 |
|   1699                 objects,                                             |
|   1700                 sep,                                                 |
|                                                                             |
| C:\Users\Salom                                                              |
| Zero_Two\AppData\Local\Programs\Python\Python312\Lib\site-packages\rich\con |
| sole.py:870 in __exit__                                                     |
|                                                                             |
|    867                                                                      |
|    868     def __exit__(self, exc_type: Any, exc_value: Any, traceback: Any |
|    869         """Exit buffer context."""                                   |
| >  870         self._exit_buffer()                                          |
|    871                                                                      |
|    872     def begin_capture(self) -> None:                                 |
|    873         """Begin capturing console output. Call :meth:`end_capture`  |
|                                                                             |
| C:\Users\Salom                                                              |
| Zero_Two\AppData\Local\Programs\Python\Python312\Lib\site-packages\rich\con |
| sole.py:826 in _exit_buffer                                                 |
|                                                                             |
|    823     def _exit_buffer(self) -> None:                                  |
|    824         """Leave buffer context, and render content if required."""  |
|    825         self._buffer_index -= 1                                      |
| >  826         self._check_buffer()                                         |
|    827                                                                      |
|    828     def set_live(self, live: "Live") -> bool:                        |
|    829         """Set Live instance. Used by Live context manager (no need  |
|                                                                             |
| C:\Users\Salom                                                              |
| Zero_Two\AppData\Local\Programs\Python\Python312\Lib\site-packages\rich\con |
| sole.py:2042 in _check_buffer                                               |
|                                                                             |
|   2039             return                                                   |
|   2040                                                                      |
|   2041         try:                                                         |
| > 2042             self._write_buffer()                                     |
|   2043         except BrokenPipeError:                                      |
|   2044             self.on_broken_pipe()                                    |
|   2045                                                                      |
|                                                                             |
| C:\Users\Salom                                                              |
| Zero_Two\AppData\Local\Programs\Python\Python312\Lib\site-packages\rich\con |
| sole.py:2078 in _write_buffer                                               |
|                                                                             |
|   2075                             if self.no_color and self._color_system: |
|   2076                                 buffer = list(Segment.remove_color(b |
|   2077                                                                      |
| > 2078                             legacy_windows_render(buffer, LegacyWind |
|   2079                         else:                                        |
|   2080                             # Either a non-std stream on legacy Wind |
|   2081                             text = self._render_buffer(self._buffer[ |
|                                                                             |
| C:\Users\Salom                                                              |
| Zero_Two\AppData\Local\Programs\Python\Python312\Lib\site-packages\rich\_wi |
| ndows_renderer.py:19 in legacy_windows_render                               |
|                                                                             |
|   16             if style:                                                  |
|   17                 term.write_styled(text, style)                         |
|   18             else:                                                      |
| > 19                 term.write_text(text)                                  |
|   20         else:                                                          |
|   21             control_codes: Sequence[ControlCode] = control             |
|   22             for control_code in control_codes:                         |
|                                                                             |
| C:\Users\Salom                                                              |
| Zero_Two\AppData\Local\Programs\Python\Python312\Lib\site-packages\rich\_wi |
| n32_console.py:402 in write_text                                            |
|                                                                             |
|   399         Args:                                                         |
|   400             text (str): The text to write to the console              |
|   401         """                                                           |
| > 402         self.write(text)                                              |
|   403         self.flush()                                                  |
|   404                                                                       |
|   405     def write_styled(self, text: str, style: Style) -> None:          |
|                                                                             |
| C:\Users\Salom                                                              |
| Zero_Two\AppData\Local\Programs\Python\Python312\Lib\encodings\cp1251.py:19 |
| in encode                                                                   |
|                                                                             |
|    16                                                                       |
|    17 class IncrementalEncoder(codecs.IncrementalEncoder):                  |
|    18     def encode(self, input, final=False):                             |
| >  19         return codecs.charmap_encode(input,self.errors,encoding_table |
|    20                                                                       |
|    21 class IncrementalDecoder(codecs.IncrementalDecoder):                  |
|    22     def decode(self, input, final=False):                             |
+-----------------------------------------------------------------------------+
UnicodeEncodeError: 'charmap' codec can't encode character '\U0001f680' in 
position 28: character maps to <undefined>

During handling of the above exception, another exception occurred:

+--------------------- Traceback (most recent call last) ---------------------+
| C:\Users\Salom                                                              |
| Zero_Two\AppData\Local\Programs\Python\Python312\Lib\site-packages\fastapi_ |
| cli\cli.py:328 in dev                                                       |
|                                                                             |
|   325                                                                       |
|   326     Otherwise, it uses the first [bold]FastAPI[/bold] app found in th |
|   327     """                                                               |
| > 328     _run(                                                             |
|   329         path=path,                                                    |
|   330         host=host,                                                    |
|   331         port=port,                                                    |
|                                                                             |
| C:\Users\Salom                                                              |
| Zero_Two\AppData\Local\Programs\Python\Python312\Lib\site-packages\fastapi_ |
| cli\cli.py:116 in _run                                                      |
|                                                                             |
|   113     proxy_headers: bool = False,                                      |
|   114     forwarded_allow_ips: str | None = None,                           |
|   115 ) -> None:                                                            |
| > 116     with get_rich_toolkit() as toolkit:                               |
|   117         server_type = "development" if command == "dev" else "product |
|   118                                                                       |
|   119         toolkit.print_title(f"Starting {server_type} server \U0001f680", tag= |
|                                                                             |
| C:\Users\Salom                                                              |
| Zero_Two\AppData\Local\Programs\Python\Python312\Lib\site-packages\rich_too |
| lkit\toolkit.py:55 in __exit__                                              |
|                                                                             |
|    52             # or any other error message                              |
|    53             return True                                               |
|    54                                                                       |
| >  55         self.console.print()                                          |
|    56                                                                       |
|    57         return None                                                   |
|    58                                                                       |
|                                                                             |
| C:\Users\Salom                                                              |
| Zero_Two\AppData\Local\Programs\Python\Python312\Lib\site-packages\rich\con |
| sole.py:1697 in print                                                       |
|                                                                             |
|   1694                 overflow = "ignore"                                  |
|   1695             crop = False                                             |
|   1696         render_hooks = self._render_hooks[:]                         |
| > 1697         with self:                                                   |
|   1698             renderables = self._collect_renderables(                 |
|   1699                 objects,                                             |
|   1700                 sep,                                                 |
|                                                                             |
| C:\Users\Salom                                                              |
| Zero_Two\AppData\Local\Programs\Python\Python312\Lib\site-packages\rich\con |
| sole.py:870 in __exit__                                                     |
|                                                                             |
|    867                                                                      |
|    868     def __exit__(self, exc_type: Any, exc_value: Any, traceback: Any |
|    869         """Exit buffer context."""                                   |
| >  870         self._exit_buffer()                                          |
|    871                                                                      |
|    872     def begin_capture(self) -> None:                                 |
|    873         """Begin capturing console output. Call :meth:`end_capture`  |
|                                                                             |
| C:\Users\Salom                                                              |
| Zero_Two\AppData\Local\Programs\Python\Python312\Lib\site-packages\rich\con |
| sole.py:826 in _exit_buffer                                                 |
|                                                                             |
|    823     def _exit_buffer(self) -> None:                                  |
|    824         """Leave buffer context, and render content if required."""  |
|    825         self._buffer_index -= 1                                      |
| >  826         self._check_buffer()                                         |
|    827                                                                      |
|    828     def set_live(self, live: "Live") -> bool:                        |
|    829         """Set Live instance. Used by Live context manager (no need  |
|                                                                             |
| C:\Users\Salom                                                              |
| Zero_Two\AppData\Local\Programs\Python\Python312\Lib\site-packages\rich\con |
| sole.py:2042 in _check_buffer                                               |
|                                                                             |
|   2039             return                                                   |
|   2040                                                                      |
|   2041         try:                                                         |
| > 2042             self._write_buffer()                                     |
|   2043         except BrokenPipeError:                                      |
|   2044             self.on_broken_pipe()                                    |
|   2045                                                                      |
|                                                                             |
| C:\Users\Salom                                                              |
| Zero_Two\AppData\Local\Programs\Python\Python312\Lib\site-packages\rich\con |
| sole.py:2078 in _write_buffer                                               |
|                                                                             |
|   2075                             if self.no_color and self._color_system: |
|   2076                                 buffer = list(Segment.remove_color(b |
|   2077                                                                      |
| > 2078                             legacy_windows_render(buffer, LegacyWind |
|   2079                         else:                                        |
|   2080                             # Either a non-std stream on legacy Wind |
|   2081                             text = self._render_buffer(self._buffer[ |
|                                                                             |
| C:\Users\Salom                                                              |
| Zero_Two\AppData\Local\Programs\Python\Python312\Lib\site-packages\rich\_wi |
| ndows_renderer.py:19 in legacy_windows_render                               |
|                                                                             |
|   16             if style:                                                  |
|   17                 term.write_styled(text, style)                         |
|   18             else:                                                      |
| > 19                 term.write_text(text)                                  |
|   20         else:                                                          |
|   21             control_codes: Sequence[ControlCode] = control             |
|   22             for control_code in control_codes:                         |
|                                                                             |
| C:\Users\Salom                                                              |
| Zero_Two\AppData\Local\Programs\Python\Python312\Lib\site-packages\rich\_wi |
| n32_console.py:402 in write_text                                            |
|                                                                             |
|   399         Args:                                                         |
|   400             text (str): The text to write to the console              |
|   401         """                                                           |
| > 402         self.write(text)                                              |
|   403         self.flush()                                                  |
|   404                                                                       |
|   405     def write_styled(self, text: str, style: Style) -> None:          |
|                                                                             |
| C:\Users\Salom                                                              |
| Zero_Two\AppData\Local\Programs\Python\Python312\Lib\encodings\cp1251.py:19 |
| in encode                                                                   |
|                                                                             |
|    16                                                                       |
|    17 class IncrementalEncoder(codecs.IncrementalEncoder):                  |
|    18     def encode(self, input, final=False):                             |
| >  19         return codecs.charmap_encode(input,self.errors,encoding_table |
|    20                                                                       |
|    21 class IncrementalDecoder(codecs.IncrementalDecoder):                  |
|    22     def decode(self, input, final=False):                             |
+-----------------------------------------------------------------------------+
UnicodeEncodeError: 'charmap' codec can't encode character '\U0001f680' in 
position 28: character maps to <undefined>
